Microchip MPLAB XC8 Compiler V2.36

Linker command line:

-W-3 --edf=C:\Program Files\Microchip\xc8\v2.36\pic\dat\en_msgs.txt -cn \
  -h+dist/default/production\MPLAP_Assignedment_7.1.X.production.sym \
  --cmf=dist/default/production\MPLAP_Assignedment_7.1.X.production.cmf -z \
  -Q16F887 -oC:\Users\TRONGH~1\AppData\Local\Temp\xcAsdu8.4 \
  --defsym=__MPLAB_BUILD=1 \
  -Mdist/default/production/MPLAP_Assignedment_7.1.X.production.map \
  --md=C:\Users\TRONGH~1\AppData\Local\Temp\xcAsdu8.dat -E1 \
  -ver=XC8 Compiler --acfsm=1493 -ACODE=00h-07FFhx4 -ASTRCODE=00h-01FFFh \
  -ASTRING=00h-0FFhx32 -ACONST=00h-0FFhx32 -AENTRY=00h-0FFhx32 \
  -ACOMMON=070h-07Fh -ABANK0=020h-06Fh -ABANK1=0A0h-0EFh \
  -ABANK2=0110h-016Fh -ABANK3=0190h-01EFh \
  -ARAM=020h-06Fh,0A0h-0EFh,0110h-016Fh,0190h-01EFh \
  -AABS1=020h-07Fh,0A0h-0EFh,0110h-016Fh,0190h-01EFh -ASFR0=00h-01Fh \
  -ASFR1=080h-09Fh -ASFR2=0100h-010Fh -ASFR3=0180h-018Fh \
  -ACONFIG=02007h-02008h -DCONFIG=2 -AIDLOC=02000h-02003h -DIDLOC=2 \
  -AEEDATA=00h-0FFh/02100h -peeprom_data=EEDATA -DEEDATA=2 -DCODE=2 \
  -DSTRCODE=2 -DSTRING=2 -DCONST=2 -DENTRY=2 \
  -preset_vec=00h,intentry,init,end_init -ppowerup=CODE -pcinit=CODE \
  -pfunctab=ENTRY -k C:\Users\TRONGH~1\AppData\Local\Temp\xcAsdu8.o \
  dist/default/production\MPLAP_Assignedment_7.1.X.production.o 

Object code version is 3.11

Machine type is 16F887



                Name                               Link     Load   Length Selector   Space Scale
C:\Users\TRONGH~1\AppData\Local\Temp\xcAsdu8.o
                end_init                              0        0        3        0       0
                config                             2007     2007        2        0       4
                idloc                              2000     2000        4        0       5
dist/default/production\MPLAP_Assignedment_7.1.X.production.o
                cinit                               7F8      7F8        8      FF0       0
                config                             2007     2007        2        0       4
                idloc                              2000     2000        4        0       5
                text18                               11       11       12       22       0
                text17                              B8B      B8B      1DD     1716       0
                text16                              893      893       27     1126       0
                text15                              497      497      361      92E       0
                text14                              ABD      ABD       67     157A       0
                text13                              A08      A08       59     1410       0
                text12                              82B      82B       22     1056       0
                text11                              95C      95C       56     12B8       0
                text10                              84D      84D       22     109A       0
                text9                               9B2      9B2       56     1364       0
                text8                               D68      D68      298     1AD0       0
                text7                               86F      86F       24     10DE       0
                text6                                23       23       7A       46       0
                text5                                9D       9D       BC      13A       0
                text4                               8BA      8BA       4E     1174       0
                text3                               908      908       54     1210       0
                text2                               A61      A61       5C     14C2       0
                text1                               B24      B24       67     1648       0
                maintext                            159      159      33E      2B2       0
                cstackBANK0                          20       20       4C       20       1
                cstackCOMMON                         70       70        E       70       1
                cstackBANK1                          A0       A0       13       A0       1
                bssBANK0                             6C       6C        2       20       1
                strings                             800      800       10     1000       0

TOTAL           Name                               Link     Load   Length     Space
        CLASS   CODE           
                end_init                              0        0        3         0
                cinit                               7F8      7F8        8         0
                text18                               11       11       12         0
                text17                              B8B      B8B      1DD         0
                text16                              893      893       27         0
                text15                              497      497      361         0
                text14                              ABD      ABD       67         0
                text13                              A08      A08       59         0
                text12                              82B      82B       22         0
                text11                              95C      95C       56         0
                text10                              84D      84D       22         0
                text9                               9B2      9B2       56         0
                text8                               D68      D68      298         0
                text7                               86F      86F       24         0
                text6                                23       23       7A         0
                text5                                9D       9D       BC         0
                text4                               8BA      8BA       4E         0
                text3                               908      908       54         0
                text2                               A61      A61       5C         0
                text1                               B24      B24       67         0
                maintext                            159      159      33E         0

        CLASS   STRCODE        

        CLASS   STRING         
                strings                             800      800       10         0

        CLASS   CONST          

        CLASS   ENTRY          

        CLASS   COMMON         
                cstackCOMMON                         70       70        E         1

        CLASS   BANK0          
                cstackBANK0                          20       20       4C         1
                bssBANK0                             6C       6C        2         1

        CLASS   BANK1          
                cstackBANK1                          A0       A0       13         1

        CLASS   BANK2          

        CLASS   BANK3          

        CLASS   RAM            

        CLASS   ABS1           
                abs_s1                               7E       7E        2         1

        CLASS   SFR0           

        CLASS   SFR1           

        CLASS   SFR2           

        CLASS   SFR3           

        CLASS   CONFIG         
                config                             2007     2007        2         4

        CLASS   IDLOC          
                idloc                              2000     2000        4         5

        CLASS   EEDATA         

        CLASS   STACK          



SEGMENTS        Name                           Load    Length   Top    Selector   Space  Class     Delta

                reset_vec                      000000  000003  000003         0       0  CODE        2
                cstackBANK0                    000020  00004E  00006E        20       1  BANK0       1
                text18                         000011  000012  000023        22       0  CODE        2
                text6                          000023  00007A  00009D        46       0  CODE        2
                cstackCOMMON                   000070  00000E  00007E        70       1  COMMON      1
                cstackBANK1                    0000A0  000013  0000B3        A0       1  BANK1       1
                text5                          00009D  0000BC  000159       13A       0  CODE        2
                maintext                       000159  00033E  000497       2B2       0  CODE        2
                text15                         000497  000361  0007F8       92E       0  CODE        2
                cinit                          0007F8  000008  000800       FF0       0  CODE        2
                strings                        000800  000010  000810      1000       0  STRING      2
                text12                         00082B  000022  00084D      1056       0  CODE        2
                text10                         00084D  000022  00086F      109A       0  CODE        2
                text7                          00086F  000024  000893      10DE       0  CODE        2
                text16                         000893  000027  0008BA      1126       0  CODE        2
                text4                          0008BA  00004E  000908      1174       0  CODE        2
                text3                          000908  000054  00095C      1210       0  CODE        2
                text11                         00095C  000056  0009B2      12B8       0  CODE        2
                text9                          0009B2  000056  000A08      1364       0  CODE        2
                text13                         000A08  000059  000A61      1410       0  CODE        2
                text2                          000A61  00005C  000ABD      14C2       0  CODE        2
                text14                         000ABD  000067  000B24      157A       0  CODE        2
                text1                          000B24  000067  000B8B      1648       0  CODE        2
                text17                         000B8B  0001DD  000D68      1716       0  CODE        2
                text8                          000D68  000298  001000      1AD0       0  CODE        2


UNUSED ADDRESS RANGES

        Name                Unused          Largest block    Delta
        BANK0            006E-006F              2           1
        BANK1            00B3-00EF             3D           1
        BANK2            0110-016F             60           1
        BANK3            0190-01EF             60           1
        CODE             0003-0010              E           2
                         0810-082A             1B
                         1000-1FFF            800
        CONST            0003-0010              E           2
                         0810-082A             1B
                         1000-1FFF            100
        EEDATA           2100-21FF            100           2
        ENTRY            0003-0010              E           2
                         0810-082A             1B
                         1000-1FFF            100
        RAM              006E-006F              2           1
                         00B3-00EF             3D
                         0110-016F             60
                         0190-01EF             60
        SFR0             0000-001F             20           1
        SFR1             0080-009F             20           1
        SFR2             0100-010F             10           1
        SFR3             0180-018F             10           1
        STRCODE          0003-0010              E           2
                         0810-082A             1B
                         1000-1FFF           1000
        STRING           0003-0010              E           2
                         0810-082A             1B
                         1000-1FFF            100

                                  Symbol Table

?_ADC_Conversion          cstackCOMMON 0070
?__Umul8_16               cstackCOMMON 0070
?___awdiv                 cstackCOMMON 0070
?___awmod                 cstackCOMMON 0070
?___fladd                 cstackCOMMON 0070
?___fldiv                 cstackBANK0  0048
?___flmul                 cstackBANK0  002E
?___flsub                 cstackBANK0  0039
?___fltol                 cstackCOMMON 0070
?___xxtofl                cstackBANK0  0020
?_round                   cstackBANK0  0062
?_trunc                   cstackBANK0  002E
_ADCON0                   (abs)        001F
_ADCON0bits               (abs)        001F
_ADCON1                   (abs)        009F
_ADC_Conversion           text18       0011
_ADRESH                   (abs)        001E
_ADRESL                   (abs)        009E
_ANSELbits                (abs)        0188
_PORTCbits                (abs)        0007
_TRISAbits                (abs)        0085
_TRISCbits                (abs)        0087
__Habs1                   abs1         0000
__Hbank0                  bank0        0000
__Hbank1                  bank1        0000
__Hbank2                  bank2        0000
__Hbank3                  bank3        0000
__HbssBANK0               bssBANK0     0000
__Hcinit                  cinit        0800
__Hclrtext                clrtext      0000
__Hcode                   code         0000
__Hcommon                 common       0000
__Hconfig                 config       2009
__HcstackBANK0            cstackBANK0  0000
__HcstackBANK1            cstackBANK1  0000
__HcstackCOMMON           cstackCOMMON 0000
__Heeprom_data            eeprom_data  0000
__Hend_init               end_init     0003
__Hfunctab                functab      0000
__Hidloc                  idloc        2004
__Hinit                   init         0000
__Hintentry               intentry     0000
__Hmaintext               maintext     0000
__Hpowerup                powerup      0000
__Hram                    ram          0000
__Hreset_vec              reset_vec    0000
__Hsfr0                   sfr0         0000
__Hsfr1                   sfr1         0000
__Hsfr2                   sfr2         0000
__Hsfr3                   sfr3         0000
__Hspace_0                (abs)        1000
__Hspace_1                (abs)        00B3
__Hspace_2                (abs)        0000
__Hspace_3                (abs)        0000
__Hspace_4                (abs)        4010
__Hstack                  stack        0000
__Hstrings                strings      0000
__Htext                   text         0000
__Labs1                   abs1         0000
__Lbank0                  bank0        0000
__Lbank1                  bank1        0000
__Lbank2                  bank2        0000
__Lbank3                  bank3        0000
__LbssBANK0               bssBANK0     0000
__Lcinit                  cinit        07F8
__Lclrtext                clrtext      0000
__Lcode                   code         0000
__Lcommon                 common       0000
__Lconfig                 config       0000
__LcstackBANK0            cstackBANK0  0000
__LcstackBANK1            cstackBANK1  0000
__LcstackCOMMON           cstackCOMMON 0000
__Leeprom_data            eeprom_data  0000
__Lend_init               end_init     0000
__Lfunctab                functab      0000
__Lidloc                  idloc        0000
__Linit                   init         0000
__Lintentry               intentry     0000
__Lmaintext               maintext     0000
__Lpowerup                powerup      0000
__Lram                    ram          0000
__Lreset_vec              reset_vec    0000
__Lsfr0                   sfr0         0000
__Lsfr1                   sfr1         0000
__Lsfr2                   sfr2         0000
__Lsfr3                   sfr3         0000
__Lspace_0                (abs)        0000
__Lspace_1                (abs)        0000
__Lspace_2                (abs)        0000
__Lspace_3                (abs)        0000
__Lspace_4                (abs)        0000
__Lstack                  stack        0000
__Lstrings                strings      0000
__Ltext                   text         0000
__S0                      (abs)        1000
__S1                      (abs)        00B3
__S3                      (abs)        0000
__Umul8_16                text16       0893
__Umul8_16@multiplicand   cstackCOMMON 0070
__Umul8_16@multiplier     cstackCOMMON 0078
__Umul8_16@product        cstackCOMMON 0074
__Umul8_16@word_mpld      cstackCOMMON 0076
___awdiv                  text14       0ABD
___awdiv@counter          cstackCOMMON 0075
___awdiv@dividend         cstackCOMMON 0072
___awdiv@divisor          cstackCOMMON 0070
___awdiv@quotient         cstackCOMMON 0077
___awdiv@sign             cstackCOMMON 0076
___awmod                  text13       0A08
___awmod@counter          cstackCOMMON 0075
___awmod@dividend         cstackCOMMON 0072
___awmod@divisor          cstackCOMMON 0070
___awmod@sign             cstackCOMMON 0076
___fladd                  text8        0D68
___fladd@a                cstackCOMMON 0074
___fladd@aexp             cstackCOMMON 0079
___fladd@b                cstackCOMMON 0070
___fladd@bexp             cstackCOMMON 007A
___fladd@grs              cstackCOMMON 007B
___fladd@signs            cstackCOMMON 0078
___fldiv                  text17       0B8B
___fldiv@a                cstackBANK0  0048
___fldiv@aexp             cstackBANK0  0061
___fldiv@b                cstackBANK0  004C
___fldiv@bexp             cstackBANK0  0060
___fldiv@grs              cstackBANK0  005C
___fldiv@new_exp          cstackBANK0  005A
___fldiv@rem              cstackBANK0  0055
___fldiv@sign             cstackBANK0  0059
___fleq                   text4        08BA
___fleq@ff1               cstackCOMMON 0070
___fleq@ff2               cstackCOMMON 0074
___flmul                  text15       0497
___flmul@a                cstackBANK0  0032
___flmul@aexp             cstackBANK0  0040
___flmul@b                cstackBANK0  002E
___flmul@bexp             cstackBANK0  0041
___flmul@grs              cstackBANK0  003C
___flmul@prod             cstackBANK0  0042
___flmul@sign             cstackBANK0  003B
___flmul@temp             cstackBANK0  0046
___flsub                  text7        086F
___flsub@a                cstackBANK0  0039
___flsub@b                cstackBANK0  003D
___fltol                  text6        0023
___fltol@exp1             cstackCOMMON 007A
___fltol@f1               cstackCOMMON 0070
___fltol@sign1            cstackCOMMON 0079
___int_sp                 stack        0000
___latbits                (abs)        0002
___sp                     stack        0000
___stackhi                (abs)        0000
___stacklo                (abs)        0000
___xxtofl                 text5        009D
___xxtofl@arg             cstackBANK0  002A
___xxtofl@exp             cstackBANK0  0029
___xxtofl@sign            cstackBANK0  0028
___xxtofl@val             cstackBANK0  0020
__end_of_ADC_Conversion   text18       0023
__end_of__Umul8_16        text16       08BA
__end_of___awdiv          text14       0B24
__end_of___awmod          text13       0A61
__end_of___fladd          text8        1000
__end_of___fldiv          text17       0D68
__end_of___fleq           text4        0908
__end_of___flmul          text15       07F8
__end_of___flsub          text7        0893
__end_of___fltol          text6        009D
__end_of___xxtofl         text5        0159
__end_of__initialization  cinit        07FC
__end_of__stringtab       strings      0806
__end_of_frexp            text3        095C
__end_of_hien_thi_1_byte  text10       086F
__end_of_hien_thi_1_byte2 text12       084D
__end_of_hien_thi_giay    text11       09B2
__end_of_hien_thi_phut    text9        0A08
__end_of_ma7doan          strings      0810
__end_of_main             maintext     0497
__end_of_round            text1        0B8B
__end_of_trunc            text2        0ABD
__initialization          cinit        07F8
__pbssBANK0               bssBANK0     006C
__pcstackBANK0            cstackBANK0  0020
__pcstackBANK1            cstackBANK1  00A0
__pcstackCOMMON           cstackCOMMON 0070
__pmaintext               maintext     0159
__pstrings                strings      0800
__ptext1                  text1        0B24
__ptext10                 text10       084D
__ptext11                 text11       095C
__ptext12                 text12       082B
__ptext13                 text13       0A08
__ptext14                 text14       0ABD
__ptext15                 text15       0497
__ptext16                 text16       0893
__ptext17                 text17       0B8B
__ptext18                 text18       0011
__ptext2                  text2        0A61
__ptext3                  text3        0908
__ptext4                  text4        08BA
__ptext5                  text5        009D
__ptext6                  text6        0023
__ptext7                  text7        086F
__ptext8                  text8        0D68
__ptext9                  text9        09B2
__stringbase              strings      0805
__stringtab               strings      0800
_frexp                    text3        0908
_hien_thi_1_byte          text10       084D
_hien_thi_1_byte2         text12       082B
_hien_thi_giay            text11       095C
_hien_thi_phut            text9        09B2
_ma7doan                  strings      0806
_main                     maintext     0159
_main$897                 cstackBANK1  00A0
_round                    text1        0B24
_trunc                    text2        0A61
btemp                     (abs)        007E
end_of_initialization     cinit        07FC
frexp@eptr                cstackBANK0  0024
frexp@value               cstackBANK0  0020
hien_thi_1_byte2@data     cstackCOMMON 0071
hien_thi_1_byte2@i        cstackCOMMON 0073
hien_thi_1_byte2@tmp      cstackCOMMON 0072
hien_thi_1_byte@data      cstackCOMMON 0071
hien_thi_1_byte@i         cstackCOMMON 0073
hien_thi_1_byte@tmp       cstackCOMMON 0072
hien_thi_giay@chuc        cstackBANK0  0020
hien_thi_giay@donvi       cstackBANK0  0022
hien_thi_giay@tmp         cstackBANK0  0024
hien_thi_phut@chuc        cstackBANK0  0020
hien_thi_phut@donvi       cstackBANK0  0022
hien_thi_phut@tmp         cstackBANK0  0024
intlevel0                 functab      0000
intlevel1                 functab      0000
intlevel2                 functab      0000
intlevel3                 functab      0000
intlevel4                 functab      0000
intlevel5                 functab      0000
main@ADC_Result           cstackBANK1  00A4
main@i                    cstackBANK1  00AE
main@i_237                cstackBANK1  00B0
main@j                    cstackBANK1  00AF
main@j_238                cstackBANK1  00B1
main@m                    cstackBANK1  00A6
main@s                    cstackBANK1  00AA
main@state                cstackBANK1  00B2
reset_vec                 reset_vec    0000
round@f                   cstackBANK0  0066
round@x                   cstackBANK0  0062
start                     init         0000
start_initialization      cinit        07F8
trunc@expon               cstackBANK0  0037
trunc@i                   cstackBANK0  0033
trunc@x                   cstackBANK0  002E
wtemp0                    (abs)        007E


MODULE INFORMATION

Module		Function		Class		Link	Load	Size
C:\Program Files\Microchip\xc8\v2.36\pic\sources\c90\common\awmod.c
		___awmod       		CODE           	0A08	0000	89

C:\Program Files\Microchip\xc8\v2.36\pic\sources\c90\common\awmod.c estimated size: 89

C:\Program Files\Microchip\xc8\v2.36\pic\sources\c90\common\frexp.c
		_frexp         		CODE           	0908	0000	84

C:\Program Files\Microchip\xc8\v2.36\pic\sources\c90\common\frexp.c estimated size: 84

newmain.c
		_hien_thi_giay 		CODE           	095C	0000	86
		_hien_thi_phut 		CODE           	09B2	0000	86
		_main          		CODE           	0159	0000	830
		_hien_thi_1_byte		CODE           	084D	0000	34
		_hien_thi_1_byte2		CODE           	082B	0000	34
		_ADC_Conversion		CODE           	0011	0000	18

newmain.c estimated size: 1088

C:\Program Files\Microchip\xc8\v2.36\pic\sources\c90\common\fleq.c
		___fleq        		CODE           	08BA	0000	78

C:\Program Files\Microchip\xc8\v2.36\pic\sources\c90\common\fleq.c estimated size: 78

C:\Program Files\Microchip\xc8\v2.36\pic\sources\c90\common\sprcmul.c
		___flmul       		CODE           	0497	0000	865

C:\Program Files\Microchip\xc8\v2.36\pic\sources\c90\common\sprcmul.c estimated size: 865

C:\Program Files\Microchip\xc8\v2.36\pic\sources\c90\common\awdiv.c
		___awdiv       		CODE           	0ABD	0000	103

C:\Program Files\Microchip\xc8\v2.36\pic\sources\c90\common\awdiv.c estimated size: 103

C:\Program Files\Microchip\xc8\v2.36\pic\sources\c90\common\fltol.c
		___fltol       		CODE           	0023	0000	122

C:\Program Files\Microchip\xc8\v2.36\pic\sources\c90\common\fltol.c estimated size: 122

C:\Program Files\Microchip\xc8\v2.36\pic\sources\c90\common\sprcdiv.c
		___fldiv       		CODE           	0B8B	0000	477

C:\Program Files\Microchip\xc8\v2.36\pic\sources\c90\common\sprcdiv.c estimated size: 477

shared
		__stringtab    		STRING         	0800	0000	6
		_ma7doan       		STRING         	0806	0000	10
		__initialization		CODE           	07F8	0000	4

shared estimated size: 20

C:\Program Files\Microchip\xc8\v2.36\pic\sources\c90\common\xxtofl.c
		___xxtofl      		CODE           	009D	0000	188

C:\Program Files\Microchip\xc8\v2.36\pic\sources\c90\common\xxtofl.c estimated size: 188

C:\Program Files\Microchip\xc8\v2.36\pic\sources\c90\common\trunc.c
		_trunc         		CODE           	0A61	0000	92

C:\Program Files\Microchip\xc8\v2.36\pic\sources\c90\common\trunc.c estimated size: 92

C:\Program Files\Microchip\xc8\v2.36\pic\sources\c90\common\sprcadd.c
		___flsub       		CODE           	086F	0000	36
		___fladd       		CODE           	0D68	0000	664

C:\Program Files\Microchip\xc8\v2.36\pic\sources\c90\common\sprcadd.c estimated size: 700

C:\Program Files\Microchip\xc8\v2.36\pic\sources\c90\common\round.c
		_round         		CODE           	0B24	0000	103

C:\Program Files\Microchip\xc8\v2.36\pic\sources\c90\common\round.c estimated size: 103

C:\Program Files\Microchip\xc8\v2.36\pic\sources\c90\common\Umul8_16.c
		__Umul8_16     		CODE           	0893	0000	39

C:\Program Files\Microchip\xc8\v2.36\pic\sources\c90\common\Umul8_16.c estimated size: 39

